[1:1-1:2] (Quote(Normal)) "\""
[1:2-1:4] (DollarBraceL) "${"
[1:4-1:5] (BraceR) "}"
[1:5-1:6] (Quote(Normal)) "\""
