[1:1-1:2] (Quote(Normal)) "\""
[1:2-1:3] (StrPart(Normal)) " "
[1:3-1:4] (Quote(Normal)) "\""
