[1:1-1:2] (Quote(Normal)) "\""
[1:2-1:22] (StrPart(Normal)) "\\a\\b\\c\\\\\\\"\\n\\r\\t\\${}"
[1:22-1:23] (Quote(Normal)) "\""
