[1:1-1:2] (Identifier) "a"
[1:3-1:4] (Identifier) "a"
[1:5-1:6] (Identifier) "b"
