[1:1-1:2] (Integer) "1"
[1:2-1:3] (Identifier) "a"
