[4:2-4:16] (Comment) "# comments and"
[5:2-6:20] (Comment) "/* whitespace\n don\'t /* matter */"
