[1:1-1:15] (Comment) "# line comment"
[2:3-2:4] (Integer) "1"
[2:5-2:24] (Comment) "### lex this please"
[3:1-3:3] (Integer) "13"
[4:2-4:4] (Integer) "42"
[5:1-5:14] (Comment) "# end of file"
